// Jest Snapshot v1, https://goo.gl/fbAQLP

exports[`EventActions renders as expected 1`] = `
<EventActions
  classes={
    Object {
      "icon": "EventActions-icon-1",
    }
  }
  rsvpStatus="NONE"
/>
`;
