// Jest Snapshot v1, https://goo.gl/fbAQLP

exports[`createStore creates a store with no additional reducers 1`] = `
Object {
  "session": Object {},
}
`;
