// Jest Snapshot v1, https://goo.gl/fbAQLP

exports[`App renders 1`] = `
<div
  className="App"
>
  <WithStyles(CssBaseline) />
  <div
    className="App__header"
  >
    <WithStyles(AppHeader) />
  </div>
  <div
    className="App__body"
  >
    <AppBody />
  </div>
</div>
`;
