// Jest Snapshot v1, https://goo.gl/fbAQLP

exports[`Routes renders 1`] = `
<BrowserRouter>
  <Switch>
    <Route
      component={[Function]}
      exact={true}
      path="/home"
    />
    <Route
      component={[Function]}
      path="/login"
    />
    <Redirect
      push={false}
      to="/home"
    />
  </Switch>
</BrowserRouter>
`;
